0,1,2,3,4
abcd
0
2,3
0,a,1
1,a,2
2,b,3
3,c,4
4,c,0
